Archive member included because of file (symbol)

c:/winavr-20100110/bin/../lib/gcc/avr/4.3.3/avr35\libgcc.a(_exit.o)
                              c:/winavr-20100110/bin/../lib/gcc/avr/4.3.3/../../../../avr/lib/avr35/crtusb162.o (exit)
c:/winavr-20100110/bin/../lib/gcc/avr/4.3.3/avr35\libgcc.a(_copy_data.o)
                              default/start_boot.o (__do_copy_data)
c:/winavr-20100110/bin/../lib/gcc/avr/4.3.3/avr35\libgcc.a(_clear_bss.o)
                              default/usb_device_task.o (__do_clear_bss)

Allocating common symbols
Common symbol       size              file

endpoint_status     0x7               default/usb_standard_request.o
delay_usb           0x2               default/usb_task.o
usb_configuration_nb
                    0x1               default/usb_standard_request.o
data_to_transfer    0x1               default/usb_standard_request.o
pbuffer             0x2               default/usb_standard_request.o

Discarded input sections

 .data          0x00000000        0x0 c:/winavr-20100110/bin/../lib/gcc/avr/4.3.3/../../../../avr/lib/avr35/crtusb162.o
 .bss           0x00000000        0x0 c:/winavr-20100110/bin/../lib/gcc/avr/4.3.3/../../../../avr/lib/avr35/crtusb162.o
 .text          0x00000000        0x0 default/wdt_drv.o
 .data          0x00000000        0x0 default/wdt_drv.o
 .bss           0x00000000        0x0 default/wdt_drv.o
 .text.wdtdrv_interrupt_enable
                0x00000000        0x0 default/wdt_drv.o
 .text.wdtdrv_interrupt_reset_enable
                0x00000000        0x0 default/wdt_drv.o
 .text          0x00000000        0x0 default/power_drv.o
 .data          0x00000000        0x0 default/power_drv.o
 .bss           0x00000000        0x0 default/power_drv.o
 .text.set_power_down_mode
                0x00000000        0x0 default/power_drv.o
 .text.set_idle_mode
                0x00000000        0x0 default/power_drv.o
 .text.set_adc_noise_reduction_mode
                0x00000000        0x0 default/power_drv.o
 .text.set_power_save_mode
                0x00000000        0x0 default/power_drv.o
 .text.set_standby_mode
                0x00000000        0x0 default/power_drv.o
 .text.set_ext_standby_mode
                0x00000000        0x0 default/power_drv.o
 .text.Clock_switch_external
                0x00000000        0x0 default/power_drv.o
 .text.Clock_switch_internal
                0x00000000        0x0 default/power_drv.o
 .text          0x00000000        0x0 default/start_boot.o
 .bss           0x00000000        0x0 default/start_boot.o
 .text.goto_boot
                0x00000000        0x0 default/start_boot.o
 .text          0x00000000        0x0 default/usb_drv.o
 .data          0x00000000        0x0 default/usb_drv.o
 .bss           0x00000000        0x0 default/usb_drv.o
 .text.usb_select_enpoint_interrupt
                0x00000000        0x0 default/usb_drv.o
 .text.usb_send_packet
                0x00000000        0x0 default/usb_drv.o
 .text.usb_read_packet
                0x00000000        0x0 default/usb_drv.o
 .text.usb_halt_endpoint
                0x00000000        0x0 default/usb_drv.o
 .text          0x00000000        0x0 default/scheduler.o
 .data          0x00000000        0x0 default/scheduler.o
 .bss           0x00000000        0x0 default/scheduler.o
 .text.scheduler_empty_fct
                0x00000000        0x0 default/scheduler.o
 .text          0x00000000        0x0 default/usb_device_task.o
 .data          0x00000000        0x0 default/usb_device_task.o
 .text          0x00000000        0x0 default/usb_standard_request.o
 .data          0x00000000        0x0 default/usb_standard_request.o
 .text.usb_generate_remote_wakeup
                0x00000000        0x0 default/usb_standard_request.o
 .text          0x00000000        0x0 default/usb_task.o
 .data          0x00000000        0x0 default/usb_task.o
 .text          0x00000000        0x0 default/hid_task.o
 .data          0x00000000        0x0 default/hid_task.o
 .text          0x00000000        0x0 default/usb_descriptors.o
 .data          0x00000000        0x0 default/usb_descriptors.o
 .bss           0x00000000        0x0 default/usb_descriptors.o
 .text          0x00000000        0x0 default/usb_specific_request.o
 .data          0x00000000        0x0 default/usb_specific_request.o
 .text          0x00000000        0x0 default/main.o
 .data          0x00000000        0x0 default/main.o
 .bss           0x00000000        0x0 default/main.o
 .text          0x00000000        0x0 c:/winavr-20100110/bin/../lib/gcc/avr/4.3.3/avr35\libgcc.a(_exit.o)
 .data          0x00000000        0x0 c:/winavr-20100110/bin/../lib/gcc/avr/4.3.3/avr35\libgcc.a(_exit.o)
 .bss           0x00000000        0x0 c:/winavr-20100110/bin/../lib/gcc/avr/4.3.3/avr35\libgcc.a(_exit.o)
 .text.libgcc   0x00000000        0x0 c:/winavr-20100110/bin/../lib/gcc/avr/4.3.3/avr35\libgcc.a(_exit.o)
 .text          0x00000000        0x0 c:/winavr-20100110/bin/../lib/gcc/avr/4.3.3/avr35\libgcc.a(_copy_data.o)
 .data          0x00000000        0x0 c:/winavr-20100110/bin/../lib/gcc/avr/4.3.3/avr35\libgcc.a(_copy_data.o)
 .bss           0x00000000        0x0 c:/winavr-20100110/bin/../lib/gcc/avr/4.3.3/avr35\libgcc.a(_copy_data.o)
 .text.libgcc   0x00000000        0x0 c:/winavr-20100110/bin/../lib/gcc/avr/4.3.3/avr35\libgcc.a(_copy_data.o)
 .text          0x00000000        0x0 c:/winavr-20100110/bin/../lib/gcc/avr/4.3.3/avr35\libgcc.a(_clear_bss.o)
 .data          0x00000000        0x0 c:/winavr-20100110/bin/../lib/gcc/avr/4.3.3/avr35\libgcc.a(_clear_bss.o)
 .bss           0x00000000        0x0 c:/winavr-20100110/bin/../lib/gcc/avr/4.3.3/avr35\libgcc.a(_clear_bss.o)
 .text.libgcc   0x00000000        0x0 c:/winavr-20100110/bin/../lib/gcc/avr/4.3.3/avr35\libgcc.a(_clear_bss.o)

Memory Configuration

Name             Origin             Length             Attributes
text             0x00000000         0x00020000         xr
data             0x00800060         0x0000ffa0         rw !x
eeprom           0x00810000         0x00010000         rw !x
fuse             0x00820000         0x00000400         rw !x
lock             0x00830000         0x00000400         rw !x
signature        0x00840000         0x00000400         rw !x
*default*        0x00000000         0xffffffff

Linker script and memory map

Address of section .data set to 0x800100
LOAD c:/winavr-20100110/bin/../lib/gcc/avr/4.3.3/../../../../avr/lib/avr35/crtusb162.o
LOAD default/wdt_drv.o
LOAD default/power_drv.o
LOAD default/start_boot.o
LOAD default/usb_drv.o
LOAD default/scheduler.o
LOAD default/usb_device_task.o
LOAD default/usb_standard_request.o
LOAD default/usb_task.o
LOAD default/hid_task.o
LOAD default/usb_descriptors.o
LOAD default/usb_specific_request.o
LOAD default/main.o
LOAD c:/winavr-20100110/bin/../lib/gcc/avr/4.3.3/avr35\libgcc.a
LOAD c:/winavr-20100110/bin/../lib/gcc/avr/4.3.3/../../../../avr/lib/avr35\libc.a
LOAD c:/winavr-20100110/bin/../lib/gcc/avr/4.3.3/avr35\libgcc.a

.hash
 *(.hash)

.dynsym
 *(.dynsym)

.dynstr
 *(.dynstr)

.gnu.version
 *(.gnu.version)

.gnu.version_d
 *(.gnu.version_d)

.gnu.version_r
 *(.gnu.version_r)

.rel.init
 *(.rel.init)

.rela.init
 *(.rela.init)

.rel.text
 *(.rel.text)
 *(.rel.text.*)
 *(.rel.gnu.linkonce.t*)

.rela.text
 *(.rela.text)
 *(.rela.text.*)
 *(.rela.gnu.linkonce.t*)

.rel.fini
 *(.rel.fini)

.rela.fini
 *(.rela.fini)

.rel.rodata
 *(.rel.rodata)
 *(.rel.rodata.*)
 *(.rel.gnu.linkonce.r*)

.rela.rodata
 *(.rela.rodata)
 *(.rela.rodata.*)
 *(.rela.gnu.linkonce.r*)

.rel.data
 *(.rel.data)
 *(.rel.data.*)
 *(.rel.gnu.linkonce.d*)

.rela.data
 *(.rela.data)
 *(.rela.data.*)
 *(.rela.gnu.linkonce.d*)

.rel.ctors
 *(.rel.ctors)

.rela.ctors
 *(.rela.ctors)

.rel.dtors
 *(.rel.dtors)

.rela.dtors
 *(.rela.dtors)

.rel.got
 *(.rel.got)

.rela.got
 *(.rela.got)

.rel.bss
 *(.rel.bss)

.rela.bss
 *(.rela.bss)

.rel.plt
 *(.rel.plt)

.rela.plt
 *(.rela.plt)

.text           0x00000000      0xf74
 *(.vectors)
 .vectors       0x00000000       0x74 c:/winavr-20100110/bin/../lib/gcc/avr/4.3.3/../../../../avr/lib/avr35/crtusb162.o
                0x00000000                __vectors
                0x00000000                __vector_default
 *(.vectors)
 *(.progmem.gcc*)
 *(.progmem*)
 .progmem.data  0x00000074       0xa2 default/usb_descriptors.o
                0x000000dd                usb_user_language_id
                0x00000074                usb_dev_desc
                0x000000bb                usb_user_product_string_descriptor
                0x000000af                usb_user_manufacturer_string_descriptor
                0x000000e1                usb_hid_report_descriptor
                0x00000086                usb_conf_desc
                0x00000116                . = ALIGN (0x2)
                0x00000116                __trampolines_start = .
 *(.trampolines)
 .trampolines   0x00000116        0x0 linker stubs
 *(.trampolines*)
                0x00000116                __trampolines_end = .
 *(.jumptables)
 *(.jumptables*)
 *(.lowtext)
 *(.lowtext*)
                0x00000116                __ctors_start = .
 *(.ctors)
                0x00000116                __ctors_end = .
                0x00000116                __dtors_start = .
 *(.dtors)
                0x00000116                __dtors_end = .
 SORT(*)(.ctors)
 SORT(*)(.dtors)
 *(.init0)
 .init0         0x00000116        0x0 c:/winavr-20100110/bin/../lib/gcc/avr/4.3.3/../../../../avr/lib/avr35/crtusb162.o
                0x00000116                __init
 *(.init0)
 *(.init1)
 *(.init1)
 *(.init2)
 .init2         0x00000116        0xc c:/winavr-20100110/bin/../lib/gcc/avr/4.3.3/../../../../avr/lib/avr35/crtusb162.o
 *(.init2)
 *(.init3)
 .init3         0x00000122        0x2 default/main.o
                0x00000122                __low_level_init
 *(.init3)
 *(.init4)
 .init4         0x00000124       0x16 c:/winavr-20100110/bin/../lib/gcc/avr/4.3.3/avr35\libgcc.a(_copy_data.o)
                0x00000124                __do_copy_data
 .init4         0x0000013a       0x10 c:/winavr-20100110/bin/../lib/gcc/avr/4.3.3/avr35\libgcc.a(_clear_bss.o)
                0x0000013a                __do_clear_bss
 *(.init4)
 *(.init5)
 *(.init5)
 *(.init6)
 *(.init6)
 *(.init7)
 *(.init7)
 *(.init8)
 *(.init8)
 *(.init9)
 .init9         0x0000014a        0x4 c:/winavr-20100110/bin/../lib/gcc/avr/4.3.3/../../../../avr/lib/avr35/crtusb162.o
 *(.init9)
 *(.text)
 .text          0x0000014e        0x2 c:/winavr-20100110/bin/../lib/gcc/avr/4.3.3/../../../../avr/lib/avr35/crtusb162.o
                0x0000014e                __vector_22
                0x0000014e                __vector_28
                0x0000014e                __vector_1
                0x0000014e                __vector_24
                0x0000014e                __vector_12
                0x0000014e                __bad_interrupt
                0x0000014e                __vector_6
                0x0000014e                __vector_3
                0x0000014e                __vector_23
                0x0000014e                __vector_25
                0x0000014e                __vector_13
                0x0000014e                __vector_17
                0x0000014e                __vector_19
                0x0000014e                __vector_7
                0x0000014e                __vector_27
                0x0000014e                __vector_5
                0x0000014e                __vector_4
                0x0000014e                __vector_9
                0x0000014e                __vector_2
                0x0000014e                __vector_21
                0x0000014e                __vector_15
                0x0000014e                __vector_8
                0x0000014e                __vector_26
                0x0000014e                __vector_14
                0x0000014e                __vector_10
                0x0000014e                __vector_16
                0x0000014e                __vector_18
                0x0000014e                __vector_20
                0x00000150                . = ALIGN (0x2)
 *(.text.*)
 .text.wdtdrv_disable
                0x00000150       0x20 default/wdt_drv.o
                0x00000150                wdtdrv_disable
 .text.wdtdrv_enable
                0x00000170       0x34 default/wdt_drv.o
                0x00000170                wdtdrv_enable
 .text.start_boot_if_required
                0x000001a4       0x36 default/start_boot.o
                0x000001a4                start_boot_if_required
 .text.start_boot
                0x000001da       0x1e default/start_boot.o
                0x000001da                start_boot
 .text.usb_config_ep
                0x000001f8       0x30 default/usb_drv.o
                0x000001f8                usb_config_ep
 .text.usb_init_device
                0x00000228       0x1a default/usb_drv.o
                0x00000228                usb_init_device
 .text.scheduler_tasks
                0x00000242        0x6 default/scheduler.o
                0x00000242                scheduler_tasks
 .text.scheduler_init
                0x00000248        0x4 default/scheduler.o
                0x00000248                scheduler_init
 .text.scheduler
                0x0000024c        0x4 default/scheduler.o
                0x0000024c                scheduler
 .text.usb_device_task_init
                0x00000250       0x12 default/usb_device_task.o
                0x00000250                usb_device_task_init
 .text.usb_start_device
                0x00000262       0x4e default/usb_device_task.o
                0x00000262                usb_start_device
 .text.usb_device_task
                0x000002b0       0x4c default/usb_device_task.o
                0x000002b0                usb_device_task
 .text.usb_process_request
                0x000002fc      0x45c default/usb_standard_request.o
                0x000002fc                usb_process_request
 .text.usb_delay_ms
                0x00000758       0x36 default/usb_task.o
                0x00000758                usb_delay_ms
 .text.__vector_11
                0x0000078e      0x20c default/usb_task.o
                0x0000078e                __vector_11
 .text.usb_task
                0x0000099a        0x4 default/usb_task.o
                0x0000099a                usb_task
 .text.usb_task_init
                0x0000099e        0x4 default/usb_task.o
                0x0000099e                usb_task_init
 .text.hid_task_init
                0x000009a2       0x24 default/hid_task.o
                0x000009a2                hid_task_init
 .text.hid_report_in
                0x000009c6       0x78 default/hid_task.o
                0x000009c6                hid_report_in
 .text.sof_action
                0x00000a3e        0xc default/hid_task.o
                0x00000a3e                sof_action
 .text.hid_report_out
                0x00000a4a       0xda default/hid_task.o
                0x00000a4a                hid_report_out
 .text.hid_task
                0x00000b24        0xe default/hid_task.o
                0x00000b24                hid_task
 .text.usb_user_interface_get
                0x00000b32        0x4 default/usb_specific_request.o
                0x00000b32                usb_user_interface_get
 .text.usb_user_interface_reset
                0x00000b36       0x4c default/usb_specific_request.o
                0x00000b36                usb_user_interface_reset
 .text.usb_user_get_descriptor
                0x00000b82       0x44 default/usb_specific_request.o
                0x00000b82                usb_user_get_descriptor
 .text.hid_get_report_descriptor
                0x00000bc6       0xdc default/usb_specific_request.o
                0x00000bc6                hid_get_report_descriptor
 .text.usb_hid_set_report_ouput
                0x00000ca2       0x3c default/usb_specific_request.o
                0x00000ca2                usb_hid_set_report_ouput
 .text.usb_hid_set_idle
                0x00000cde       0x40 default/usb_specific_request.o
                0x00000cde                usb_hid_set_idle
 .text.usb_hid_get_idle
                0x00000d1e       0x72 default/usb_specific_request.o
                0x00000d1e                usb_hid_get_idle
 .text.usb_hid_set_report_feature
                0x00000d90       0x6a default/usb_specific_request.o
                0x00000d90                usb_hid_set_report_feature
 .text.hid_get_hid_descriptor
                0x00000dfa       0xdc default/usb_specific_request.o
                0x00000dfa                hid_get_hid_descriptor
 .text.usb_user_read_request
                0x00000ed6       0x5e default/usb_specific_request.o
                0x00000ed6                usb_user_read_request
 .text.usb_user_endpoint_init
                0x00000f34       0x26 default/usb_specific_request.o
                0x00000f34                usb_user_endpoint_init
 .text.main     0x00000f5a       0x16 default/main.o
                0x00000f5a                main
                0x00000f70                . = ALIGN (0x2)
 *(.fini9)
 .fini9         0x00000f70        0x0 c:/winavr-20100110/bin/../lib/gcc/avr/4.3.3/avr35\libgcc.a(_exit.o)
                0x00000f70                exit
                0x00000f70                _exit
 *(.fini9)
 *(.fini8)
 *(.fini8)
 *(.fini7)
 *(.fini7)
 *(.fini6)
 *(.fini6)
 *(.fini5)
 *(.fini5)
 *(.fini4)
 *(.fini4)
 *(.fini3)
 *(.fini3)
 *(.fini2)
 *(.fini2)
 *(.fini1)
 *(.fini1)
 *(.fini0)
 .fini0         0x00000f70        0x4 c:/winavr-20100110/bin/../lib/gcc/avr/4.3.3/avr35\libgcc.a(_exit.o)
 *(.fini0)
                0x00000f74                _etext = .

.data           0x00800100        0x2 load address 0x00000f74
                0x00800100                PROVIDE (__data_start, .)
 *(.data)
 .data          0x00800100        0x2 default/start_boot.o
                0x00800100                start_bootloader
 *(.data*)
 *(.rodata)
 *(.rodata*)
 *(.gnu.linkonce.d*)
                0x00800102                . = ALIGN (0x2)
                0x00800102                _edata = .
                0x00800102                PROVIDE (__data_end, .)

.bss            0x00800102       0x17
                0x00800102                PROVIDE (__bss_start, .)
 *(.bss)
 .bss           0x00800102        0x2 default/usb_device_task.o
                0x00800103                usb_suspended
                0x00800102                usb_connected
 .bss           0x00800104        0x2 default/usb_standard_request.o
                0x00800105                device_status
                0x00800104                remote_wakeup_feature
 .bss           0x00800106        0x2 default/usb_task.o
                0x00800106                g_usb_event
 .bss           0x00800108        0x2 default/hid_task.o
                0x00800108                cpt_sof
                0x00800109                g_last_joy
 .bss           0x0080010a        0x2 default/usb_specific_request.o
                0x0080010a                jump_bootloader
                0x0080010b                g_u8_report_rate
 *(.bss*)
 *(COMMON)
 COMMON         0x0080010c        0xb default/usb_standard_request.o
                0x0080010c                endpoint_status
                0x00800113                usb_configuration_nb
                0x00800114                data_to_transfer
                0x00800115                pbuffer
 COMMON         0x00800117        0x2 default/usb_task.o
                0x00800117                delay_usb
                0x00800119                PROVIDE (__bss_end, .)
                0x00000f74                __data_load_start = LOADADDR (.data)
                0x00000f76                __data_load_end = (__data_load_start + SIZEOF (.data))

.noinit         0x00800119        0x4
                0x00800119                PROVIDE (__noinit_start, .)
 *(.noinit*)
 .noinit        0x00800119        0x4 default/start_boot.o
                0x00800119                boot_key
                0x0080011d                PROVIDE (__noinit_end, .)
                0x0080011d                _end = .
                0x0080011d                PROVIDE (__heap_start, .)

.eeprom         0x00810000        0x0
 *(.eeprom*)
                0x00810000                __eeprom_end = .

.fuse
 *(.fuse)
 *(.lfuse)
 *(.hfuse)
 *(.efuse)

.lock
 *(.lock*)

.signature
 *(.signature*)

.stab
 *(.stab)

.stabstr
 *(.stabstr)

.stab.excl
 *(.stab.excl)

.stab.exclstr
 *(.stab.exclstr)

.stab.index
 *(.stab.index)

.stab.indexstr
 *(.stab.indexstr)

.comment
 *(.comment)

.debug
 *(.debug)

.line
 *(.line)

.debug_srcinfo
 *(.debug_srcinfo)

.debug_sfnames
 *(.debug_sfnames)

.debug_aranges  0x00000000      0x2a8
 *(.debug_aranges)
 .debug_aranges
                0x00000000       0x38 default/wdt_drv.o
 .debug_aranges
                0x00000038       0x58 default/power_drv.o
 .debug_aranges
                0x00000090       0x30 default/start_boot.o
 .debug_aranges
                0x000000c0       0x48 default/usb_drv.o
 .debug_aranges
                0x00000108       0x38 default/scheduler.o
 .debug_aranges
                0x00000140       0x30 default/usb_device_task.o
 .debug_aranges
                0x00000170       0x28 default/usb_standard_request.o
 .debug_aranges
                0x00000198       0x38 default/usb_task.o
 .debug_aranges
                0x000001d0       0x40 default/hid_task.o
 .debug_aranges
                0x00000210       0x70 default/usb_specific_request.o
 .debug_aranges
                0x00000280       0x28 default/main.o

.debug_pubnames
                0x00000000      0x72b
 *(.debug_pubnames)
 .debug_pubnames
                0x00000000       0x75 default/wdt_drv.o
 .debug_pubnames
                0x00000075       0xd7 default/power_drv.o
 .debug_pubnames
                0x0000014c       0x6c default/start_boot.o
 .debug_pubnames
                0x000001b8       0x97 default/usb_drv.o
 .debug_pubnames
                0x0000024f       0x5f default/scheduler.o
 .debug_pubnames
                0x000002ae       0x78 default/usb_device_task.o
 .debug_pubnames
                0x00000326       0xc3 default/usb_standard_request.o
 .debug_pubnames
                0x000003e9       0x70 default/usb_task.o
 .debug_pubnames
                0x00000459       0x80 default/hid_task.o
 .debug_pubnames
                0x000004d9       0xbf default/usb_descriptors.o
 .debug_pubnames
                0x00000598      0x163 default/usb_specific_request.o
 .debug_pubnames
                0x000006fb       0x30 default/main.o

.debug_info     0x00000000     0x20a1
 *(.debug_info)
 .debug_info    0x00000000      0x14a default/wdt_drv.o
 .debug_info    0x0000014a      0x127 default/power_drv.o
 .debug_info    0x00000271       0xfa default/start_boot.o
 .debug_info    0x0000036b      0x1f7 default/usb_drv.o
 .debug_info    0x00000562       0xdd default/scheduler.o
 .debug_info    0x0000063f      0x11b default/usb_device_task.o
 .debug_info    0x0000075a      0x8ba default/usb_standard_request.o
 .debug_info    0x00001014      0x137 default/usb_task.o
 .debug_info    0x0000114b      0x1a1 default/hid_task.o
 .debug_info    0x000012ec      0x566 default/usb_descriptors.o
 .debug_info    0x00001852      0x798 default/usb_specific_request.o
 .debug_info    0x00001fea       0xb7 default/main.o
 *(.gnu.linkonce.wi.*)

.debug_abbrev   0x00000000      0x980
 *(.debug_abbrev)
 .debug_abbrev  0x00000000       0x8a default/wdt_drv.o
 .debug_abbrev  0x0000008a       0x4a default/power_drv.o
 .debug_abbrev  0x000000d4       0x78 default/start_boot.o
 .debug_abbrev  0x0000014c       0xce default/usb_drv.o
 .debug_abbrev  0x0000021a       0x68 default/scheduler.o
 .debug_abbrev  0x00000282       0x80 default/usb_device_task.o
 .debug_abbrev  0x00000302      0x202 default/usb_standard_request.o
 .debug_abbrev  0x00000504       0xa6 default/usb_task.o
 .debug_abbrev  0x000005aa       0xe5 default/hid_task.o
 .debug_abbrev  0x0000068f       0xcb default/usb_descriptors.o
 .debug_abbrev  0x0000075a      0x1da default/usb_specific_request.o
 .debug_abbrev  0x00000934       0x4c default/main.o

.debug_line     0x00000000     0x1aec
 *(.debug_line)
 .debug_line    0x00000000      0x163 default/wdt_drv.o
 .debug_line    0x00000163      0x1d4 default/power_drv.o
 .debug_line    0x00000337       0xf6 default/start_boot.o
 .debug_line    0x0000042d      0x1d7 default/usb_drv.o
 .debug_line    0x00000604       0xf8 default/scheduler.o
 .debug_line    0x000006fc      0x1c2 default/usb_device_task.o
 .debug_line    0x000008be      0x5e3 default/usb_standard_request.o
 .debug_line    0x00000ea1      0x2b7 default/usb_task.o
 .debug_line    0x00001158      0x2a9 default/hid_task.o
 .debug_line    0x00001401       0xb2 default/usb_descriptors.o
 .debug_line    0x000014b3      0x59a default/usb_specific_request.o
 .debug_line    0x00001a4d       0x9f default/main.o

.debug_frame    0x00000000      0x3f0
 *(.debug_frame)
 .debug_frame   0x00000000       0x50 default/wdt_drv.o
 .debug_frame   0x00000050       0x90 default/power_drv.o
 .debug_frame   0x000000e0       0x40 default/start_boot.o
 .debug_frame   0x00000120       0x70 default/usb_drv.o
 .debug_frame   0x00000190       0x50 default/scheduler.o
 .debug_frame   0x000001e0       0x40 default/usb_device_task.o
 .debug_frame   0x00000220       0x30 default/usb_standard_request.o
 .debug_frame   0x00000250       0x50 default/usb_task.o
 .debug_frame   0x000002a0       0x60 default/hid_task.o
 .debug_frame   0x00000300       0xc0 default/usb_specific_request.o
 .debug_frame   0x000003c0       0x30 default/main.o

.debug_str      0x00000000      0xc95
 *(.debug_str)
 .debug_str     0x00000000      0x141 default/wdt_drv.o
                                0x17a (size before relaxing)
 .debug_str     0x00000141       0xc8 default/power_drv.o
                                0x1bf (size before relaxing)
 .debug_str     0x00000209       0x69 default/start_boot.o
                                0x160 (size before relaxing)
 .debug_str     0x00000272       0xda default/usb_drv.o
                                0x1d1 (size before relaxing)
 .debug_str     0x0000034c       0x64 default/scheduler.o
                                0x15b (size before relaxing)
 .debug_str     0x000003b0       0xa7 default/usb_device_task.o
                                0x19e (size before relaxing)
 .debug_str     0x00000457      0x4e0 default/usb_standard_request.o
                                0x5ec (size before relaxing)
 .debug_str     0x00000937       0x5a default/usb_task.o
                                0x16b (size before relaxing)
 .debug_str     0x00000991       0x8b default/hid_task.o
                                0x197 (size before relaxing)
 .debug_str     0x00000a1c       0xff default/usb_descriptors.o
                                0x4c5 (size before relaxing)
 .debug_str     0x00000b1b      0x15a default/usb_specific_request.o
                                0x5ec (size before relaxing)
 .debug_str     0x00000c75       0x20 default/main.o
                                0x117 (size before relaxing)

.debug_loc      0x00000000      0x831
 *(.debug_loc)
 .debug_loc     0x00000000       0x5a default/wdt_drv.o
 .debug_loc     0x0000005a      0x101 default/usb_drv.o
 .debug_loc     0x0000015b      0x425 default/usb_standard_request.o
 .debug_loc     0x00000580       0x1e default/usb_task.o
 .debug_loc     0x0000059e       0x3c default/hid_task.o
 .debug_loc     0x000005da      0x257 default/usb_specific_request.o

.debug_macinfo
 *(.debug_macinfo)
OUTPUT(STK526-series2-hidio.elf elf32-avr)
LOAD linker stubs

.debug_ranges   0x00000000      0x280
 .debug_ranges  0x00000000       0x30 default/wdt_drv.o
 .debug_ranges  0x00000030       0x50 default/power_drv.o
 .debug_ranges  0x00000080       0x28 default/start_boot.o
 .debug_ranges  0x000000a8       0x40 default/usb_drv.o
 .debug_ranges  0x000000e8       0x30 default/scheduler.o
 .debug_ranges  0x00000118       0x28 default/usb_device_task.o
 .debug_ranges  0x00000140       0x50 default/usb_standard_request.o
 .debug_ranges  0x00000190       0x30 default/usb_task.o
 .debug_ranges  0x000001c0       0x38 default/hid_task.o
 .debug_ranges  0x000001f8       0x68 default/usb_specific_request.o
 .debug_ranges  0x00000260       0x20 default/main.o

Cross Reference Table

Symbol                                            File
Clock_switch_external                             default/power_drv.o
Clock_switch_internal                             default/power_drv.o
__bad_interrupt                                   c:/winavr-20100110/bin/../lib/gcc/avr/4.3.3/../../../../avr/lib/avr35/crtusb162.o
__bss_end                                         c:/winavr-20100110/bin/../lib/gcc/avr/4.3.3/avr35\libgcc.a(_clear_bss.o)
__bss_start                                       c:/winavr-20100110/bin/../lib/gcc/avr/4.3.3/avr35\libgcc.a(_clear_bss.o)
__data_end                                        c:/winavr-20100110/bin/../lib/gcc/avr/4.3.3/avr35\libgcc.a(_copy_data.o)
__data_load_start                                 c:/winavr-20100110/bin/../lib/gcc/avr/4.3.3/avr35\libgcc.a(_copy_data.o)
__data_start                                      c:/winavr-20100110/bin/../lib/gcc/avr/4.3.3/avr35\libgcc.a(_copy_data.o)
__do_clear_bss                                    c:/winavr-20100110/bin/../lib/gcc/avr/4.3.3/avr35\libgcc.a(_clear_bss.o)
                                                  default/usb_specific_request.o
                                                  default/hid_task.o
                                                  default/usb_task.o
                                                  default/usb_standard_request.o
                                                  default/usb_device_task.o
__do_copy_data                                    c:/winavr-20100110/bin/../lib/gcc/avr/4.3.3/avr35\libgcc.a(_copy_data.o)
                                                  default/start_boot.o
__heap_end                                        c:/winavr-20100110/bin/../lib/gcc/avr/4.3.3/../../../../avr/lib/avr35/crtusb162.o
__init                                            c:/winavr-20100110/bin/../lib/gcc/avr/4.3.3/../../../../avr/lib/avr35/crtusb162.o
__low_level_init                                  default/main.o
__stack                                           c:/winavr-20100110/bin/../lib/gcc/avr/4.3.3/../../../../avr/lib/avr35/crtusb162.o
__vector_1                                        c:/winavr-20100110/bin/../lib/gcc/avr/4.3.3/../../../../avr/lib/avr35/crtusb162.o
__vector_10                                       c:/winavr-20100110/bin/../lib/gcc/avr/4.3.3/../../../../avr/lib/avr35/crtusb162.o
__vector_11                                       default/usb_task.o
                                                  c:/winavr-20100110/bin/../lib/gcc/avr/4.3.3/../../../../avr/lib/avr35/crtusb162.o
__vector_12                                       c:/winavr-20100110/bin/../lib/gcc/avr/4.3.3/../../../../avr/lib/avr35/crtusb162.o
__vector_13                                       c:/winavr-20100110/bin/../lib/gcc/avr/4.3.3/../../../../avr/lib/avr35/crtusb162.o
__vector_14                                       c:/winavr-20100110/bin/../lib/gcc/avr/4.3.3/../../../../avr/lib/avr35/crtusb162.o
__vector_15                                       c:/winavr-20100110/bin/../lib/gcc/avr/4.3.3/../../../../avr/lib/avr35/crtusb162.o
__vector_16                                       c:/winavr-20100110/bin/../lib/gcc/avr/4.3.3/../../../../avr/lib/avr35/crtusb162.o
__vector_17                                       c:/winavr-20100110/bin/../lib/gcc/avr/4.3.3/../../../../avr/lib/avr35/crtusb162.o
__vector_18                                       c:/winavr-20100110/bin/../lib/gcc/avr/4.3.3/../../../../avr/lib/avr35/crtusb162.o
__vector_19                                       c:/winavr-20100110/bin/../lib/gcc/avr/4.3.3/../../../../avr/lib/avr35/crtusb162.o
__vector_2                                        c:/winavr-20100110/bin/../lib/gcc/avr/4.3.3/../../../../avr/lib/avr35/crtusb162.o
__vector_20                                       c:/winavr-20100110/bin/../lib/gcc/avr/4.3.3/../../../../avr/lib/avr35/crtusb162.o
__vector_21                                       c:/winavr-20100110/bin/../lib/gcc/avr/4.3.3/../../../../avr/lib/avr35/crtusb162.o
__vector_22                                       c:/winavr-20100110/bin/../lib/gcc/avr/4.3.3/../../../../avr/lib/avr35/crtusb162.o
__vector_23                                       c:/winavr-20100110/bin/../lib/gcc/avr/4.3.3/../../../../avr/lib/avr35/crtusb162.o
__vector_24                                       c:/winavr-20100110/bin/../lib/gcc/avr/4.3.3/../../../../avr/lib/avr35/crtusb162.o
__vector_25                                       c:/winavr-20100110/bin/../lib/gcc/avr/4.3.3/../../../../avr/lib/avr35/crtusb162.o
__vector_26                                       c:/winavr-20100110/bin/../lib/gcc/avr/4.3.3/../../../../avr/lib/avr35/crtusb162.o
__vector_27                                       c:/winavr-20100110/bin/../lib/gcc/avr/4.3.3/../../../../avr/lib/avr35/crtusb162.o
__vector_28                                       c:/winavr-20100110/bin/../lib/gcc/avr/4.3.3/../../../../avr/lib/avr35/crtusb162.o
__vector_3                                        c:/winavr-20100110/bin/../lib/gcc/avr/4.3.3/../../../../avr/lib/avr35/crtusb162.o
__vector_4                                        c:/winavr-20100110/bin/../lib/gcc/avr/4.3.3/../../../../avr/lib/avr35/crtusb162.o
__vector_5                                        c:/winavr-20100110/bin/../lib/gcc/avr/4.3.3/../../../../avr/lib/avr35/crtusb162.o
__vector_6                                        c:/winavr-20100110/bin/../lib/gcc/avr/4.3.3/../../../../avr/lib/avr35/crtusb162.o
__vector_7                                        c:/winavr-20100110/bin/../lib/gcc/avr/4.3.3/../../../../avr/lib/avr35/crtusb162.o
__vector_8                                        c:/winavr-20100110/bin/../lib/gcc/avr/4.3.3/../../../../avr/lib/avr35/crtusb162.o
__vector_9                                        c:/winavr-20100110/bin/../lib/gcc/avr/4.3.3/../../../../avr/lib/avr35/crtusb162.o
__vector_default                                  c:/winavr-20100110/bin/../lib/gcc/avr/4.3.3/../../../../avr/lib/avr35/crtusb162.o
__vectors                                         c:/winavr-20100110/bin/../lib/gcc/avr/4.3.3/../../../../avr/lib/avr35/crtusb162.o
_exit                                             c:/winavr-20100110/bin/../lib/gcc/avr/4.3.3/avr35\libgcc.a(_exit.o)
boot_key                                          default/start_boot.o
cpt_sof                                           default/hid_task.o
data_to_transfer                                  default/usb_specific_request.o
                                                  default/usb_standard_request.o
delay_usb                                         default/usb_task.o
device_status                                     default/usb_standard_request.o
endpoint_status                                   default/usb_standard_request.o
exit                                              c:/winavr-20100110/bin/../lib/gcc/avr/4.3.3/avr35\libgcc.a(_exit.o)
                                                  c:/winavr-20100110/bin/../lib/gcc/avr/4.3.3/../../../../avr/lib/avr35/crtusb162.o
g_last_joy                                        default/hid_task.o
g_u8_report_rate                                  default/usb_specific_request.o
g_usb_event                                       default/usb_task.o
                                                  default/usb_device_task.o
goto_boot                                         default/start_boot.o
hid_get_hid_descriptor                            default/usb_specific_request.o
hid_get_report_descriptor                         default/usb_specific_request.o
hid_report_in                                     default/hid_task.o
hid_report_out                                    default/hid_task.o
hid_task                                          default/hid_task.o
                                                  default/scheduler.o
hid_task_init                                     default/hid_task.o
                                                  default/scheduler.o
jump_bootloader                                   default/usb_specific_request.o
                                                  default/hid_task.o
main                                              default/main.o
                                                  c:/winavr-20100110/bin/../lib/gcc/avr/4.3.3/../../../../avr/lib/avr35/crtusb162.o
pbuffer                                           default/usb_specific_request.o
                                                  default/usb_standard_request.o
remote_wakeup_feature                             default/usb_standard_request.o
scheduler                                         default/scheduler.o
                                                  default/main.o
scheduler_empty_fct                               default/scheduler.o
scheduler_init                                    default/scheduler.o
scheduler_tasks                                   default/scheduler.o
set_adc_noise_reduction_mode                      default/power_drv.o
set_ext_standby_mode                              default/power_drv.o
set_idle_mode                                     default/power_drv.o
set_power_down_mode                               default/power_drv.o
set_power_save_mode                               default/power_drv.o
set_standby_mode                                  default/power_drv.o
sof_action                                        default/hid_task.o
                                                  default/usb_task.o
start_boot                                        default/start_boot.o
                                                  default/hid_task.o
start_boot_if_required                            default/start_boot.o
                                                  default/main.o
start_bootloader                                  default/start_boot.o
usb_conf_desc                                     default/usb_descriptors.o
                                                  default/usb_specific_request.o
                                                  default/usb_standard_request.o
usb_config_ep                                     default/usb_drv.o
                                                  default/usb_specific_request.o
usb_configuration_nb                              default/hid_task.o
                                                  default/usb_standard_request.o
                                                  default/usb_device_task.o
usb_connected                                     default/usb_device_task.o
usb_delay_ms                                      default/usb_task.o
usb_dev_desc                                      default/usb_descriptors.o
                                                  default/usb_standard_request.o
usb_device_task                                   default/usb_device_task.o
                                                  default/usb_task.o
usb_device_task_init                              default/usb_device_task.o
                                                  default/usb_task.o
usb_generate_remote_wakeup                        default/usb_standard_request.o
usb_halt_endpoint                                 default/usb_drv.o
usb_hid_get_idle                                  default/usb_specific_request.o
usb_hid_report_descriptor                         default/usb_descriptors.o
                                                  default/usb_specific_request.o
usb_hid_set_idle                                  default/usb_specific_request.o
usb_hid_set_report_feature                        default/usb_specific_request.o
usb_hid_set_report_ouput                          default/usb_specific_request.o
usb_init_device                                   default/usb_drv.o
                                                  default/usb_task.o
                                                  default/usb_device_task.o
usb_process_request                               default/usb_standard_request.o
                                                  default/usb_device_task.o
usb_read_packet                                   default/usb_drv.o
usb_select_enpoint_interrupt                      default/usb_drv.o
usb_send_packet                                   default/usb_drv.o
usb_start_device                                  default/usb_device_task.o
usb_suspended                                     default/usb_device_task.o
                                                  default/usb_task.o
usb_task                                          default/usb_task.o
                                                  default/scheduler.o
usb_task_init                                     default/usb_task.o
                                                  default/scheduler.o
usb_user_endpoint_init                            default/usb_specific_request.o
                                                  default/usb_standard_request.o
usb_user_get_descriptor                           default/usb_specific_request.o
                                                  default/usb_standard_request.o
usb_user_interface_get                            default/usb_specific_request.o
                                                  default/usb_standard_request.o
usb_user_interface_reset                          default/usb_specific_request.o
                                                  default/usb_standard_request.o
usb_user_language_id                              default/usb_descriptors.o
                                                  default/usb_specific_request.o
usb_user_manufacturer_string_descriptor           default/usb_descriptors.o
                                                  default/usb_specific_request.o
usb_user_product_string_descriptor                default/usb_descriptors.o
                                                  default/usb_specific_request.o
usb_user_read_request                             default/usb_specific_request.o
                                                  default/usb_standard_request.o
wdtdrv_disable                                    default/wdt_drv.o
                                                  default/main.o
wdtdrv_enable                                     default/wdt_drv.o
                                                  default/start_boot.o
wdtdrv_interrupt_enable                           default/wdt_drv.o
wdtdrv_interrupt_reset_enable                     default/wdt_drv.o
